Failed to load data_gtzan/genres_original/jazz\jazz.00054.wav with 